I'm sorry, but errors were detected in your script. Please correct the
errors listed below, and try again.


File "game/script.rpy", line 1: expected statement.
    config.sound_muted = False
                       ^

Ren'Py Version: Ren'Py 8.1.0.23051307
Sat Jun 17 23:17:46 2023
